<?xml version="1.0" encoding="UTF-8"?>
<ns0:ContactCompany xmlns:ns0="urn:dk:nordsign:schema:ContactCompany" xmlns:ns1="urn:oasis:names:specification:ubl:schema:xsd:CommonBasicComponents-2" xmlns:ns2="urn:oasis:names:specification:ubl:schema:xsd:CommonAggregateComponents-2">
  <ns1:ID>3242342323</ns1:ID>
  <ns1:CompanyID>23423423423</ns1:CompanyID>
  <ns0:BillingAddress>
    <ns2:Address>
      <ns1:Line>Address line</ns1:Line>
    </ns2:Address>
    <ns1:PostalCode>9200</ns1:PostalCode>
    <ns1:City>Aalborg</ns1:City>
    <ns1:Country>DK</ns1:Country>
  </ns0:BillingAddress>
  <ns0:ShippingAddress>
    <ns2:Address>
      <ns1:Line>Gammelnibevej 122</ns1:Line>
    </ns2:Address>
  </ns0:ShippingAddress>
  <ns0:ShippingAddress>
    <ns2:Address>
      <ns1:Line>Nyborgvej 23 st th</ns1:Line>
    </ns2:Address>
  </ns0:ShippingAddress>
</ns0:ContactCompany>
